// Jest Snapshot v1, https://goo.gl/fbAQLP

exports[`loader compiles fink 1`] = `"export const foo = 1234 || spam;"`;

exports[`loader compiles with sourcemap 1`] = `
Object {
  "mappings": "AAAA,aAAA,GAAG,GAAG,QAAQ,IAAd",
  "names": Array [],
  "sources": Array [
    "./test.fnk",
  ],
  "sourcesContent": Array [
    "foo = 1234 or spam",
  ],
  "version": 3,
}
`;

exports[`loader handles compile errors 1`] = `
[Error: ./test.fnk:1:0
1| 123 = foo
   ^

Unable to transform \`assign =\`.

TypeError: Property left of AssignmentExpression expected node to be of a type ["LVal"] but instead got "NumericLiteral"
]
`;

exports[`loader handles parsing errors 1`] = `
[Error: ./test.fnk:1:7
1| foo = [
          ^

Expected \`,\` or indented(>=1) new line or \`]\`.
]
`;
